// Jest Snapshot v1, https://goo.gl/fbAQLP

exports[`pages/members/list/components/row test should be a valid row rendered 1`] = `
<tr>
  <td>
    <img
      src="http://testavatar.png"
      style={
        Object {
          "maxWidth": "10rem",
        }
      }
    />
  </td>
  <td>
    <span>
      1
    </span>
  </td>
  <td>
    <span>
      test field login
    </span>
  </td>
</tr>
`;
